../Core/Src/main.c:70:13:DAC_Ch1_Start	8	static
../Core/Src/main.c:92:5:main	16	static
../Core/Src/main.c:158:6:SystemClock_Config	88	static
../Core/Src/main.c:205:13:MX_ADC1_Init	56	static
../Core/Src/main.c:273:13:MX_DAC1_Init	56	static
../Core/Src/main.c:327:13:MX_TIM6_Init	24	static
../Core/Src/main.c:363:13:MX_DMA_Init	16	static
../Core/Src/main.c:382:13:MX_GPIO_Init	40	static
../Core/Src/main.c:414:6:HAL_ADC_ConvCpltCallback	16	static
../Core/Src/main.c:425:6:Error_Handler	4	static,ignoring_inline_asm
